// Jest Snapshot v1, https://goo.gl/fbAQLP

exports[`Pruebas sobre el componente <GifGridItem /> should return the component 1`] = `
<div
  className="card animate__animated animate__fadeIn"
>
  <img
    alt="title"
    onClick={[Function]}
    src="https://test.com"
  />
</div>
`;
